// Jest Snapshot v1, https://goo.gl/fbAQLP

exports[`Media Separator createMediaCollection() should separate files to collections 1`] = `
Object {
  "albumsCol": Object {
    "YXJ0aXN0L2FsYnVt": Object {
      "artistName": "artist",
      "files": Object {
        "YXJ0aXN0L2FsYnVtL2NvdmVyLkpQRw": "cover.JPG",
        "YXJ0aXN0L2FsYnVtL3NvbmcubXAz": "song.mp3",
      },
      "name": "album",
    },
  },
  "artistsCol": Object {
    "YXJ0aXN0": Object {
      "albums": Object {
        "YXJ0aXN0L2FsYnVt": "album",
      },
      "files": Object {
        "YXJ0aXN0L3NvbmcubXAz": "song.mp3",
      },
      "name": "artist",
    },
  },
  "imagesCol": Object {
    "YXJ0aXN0L2FsYnVtL2NvdmVyLkpQRw": Object {
      "albumId": "YXJ0aXN0L2FsYnVt",
      "albumName": "album",
      "artistId": "YXJ0aXN0",
      "artistName": "artist",
      "name": "cover.JPG",
    },
    "YXJ0aXN0L2ltYWdlLlBORw": Object {
      "artistId": "YXJ0aXN0",
      "artistName": "artist",
      "name": "image.PNG",
    },
  },
  "songsCol": Object {
    "YXJ0aXN0L2FsYnVtL3NvbmcubXAz": Object {
      "albumId": "YXJ0aXN0L2FsYnVt",
      "albumName": "album",
      "artistId": "YXJ0aXN0",
      "artistName": "artist",
      "name": "song.mp3",
    },
    "YXJ0aXN0L3NvbmcubXAz": Object {
      "artistId": "YXJ0aXN0",
      "artistName": "artist",
      "name": "song.mp3",
    },
  },
}
`;
